// Jest Snapshot v1, https://goo.gl/fbAQLP

exports[`RegistrationPage snapshot 1`] = `
<div
  class="ui container"
>
  <form
    class="ui form"
  >
    <div
      class="field"
    >
      <label
        for="username-input"
      >
        Username
      </label>
      <input
        id="username-input"
        name="username"
        placeholder="Username"
        value=""
      />
    </div>
    <div
      class="field"
    >
      <label
        for="email-input"
      >
        Email
      </label>
      <input
        id="email-input"
        name="email"
        placeholder="Email"
        value=""
      />
    </div>
    <div
      class="field"
    >
      <label
        for="password-input"
      >
        Password
      </label>
      <input
        id="password-input"
        name="password"
        placeholder="Password"
        type="password"
        value=""
      />
    </div>
    <button
      class="ui button"
      type="submit"
    >
      Submit
    </button>
  </form>
</div>
`;
